// Vitest Snapshot v1, https://vitest.dev/guide/snapshot.html

exports[`Homepage > render page snapshot 1`] = `
<div>
  <div
    class="caroussel image0"
  >
    <div
      class="caroussel-buttons"
    >
      <button
        class="left-arrow"
      >
        <svg
          viewBox="0 0 24 24"
          xmlns="http://www.w3.org/2000/svg"
        >
          <title>
            menu-left
          </title>
          <path
            d="M14,7L9,12L14,17V7Z"
          />
        </svg>
      </button>
      <h1>
        Electronics
      </h1>
      <button
        class="right-arrow"
      >
        <svg
          viewBox="0 0 24 24"
          xmlns="http://www.w3.org/2000/svg"
        >
          <title>
            menu-right
          </title>
          <path
            d="M10,17L15,12L10,7V17Z"
          />
        </svg>
      </button>
    </div>
    <a
      class="shop-link"
      href="/shop/electronics"
    >
      Start shopping
    </a>
    <div
      class="caroussel-info"
    >
      <div
        class="dot filled"
      />
      <div
        class="dot"
      />
      <div
        class="dot"
      />
      <div
        class="dot"
      />
    </div>
  </div>
</div>
`;
